// Jest Snapshot v1, https://goo.gl/fbAQLP

exports[`ListPost Intergration test Post list Componet Test 1`] = `
<DocumentFragment>
  <div>
    <h2
      class="text-center"
    >
      Post List
    </h2>
  </div>
</DocumentFragment>
`;
